root@roberiofagundes-Lenovo-IdeaPad-S145-15IGM:/home/roberiofagundes/Documentos/projetos# cd laradock
root@roberiofagundes-Lenovo-IdeaPad-S145-15IGM:/home/roberiofagundes/Documentos/projetos/laradock# docker-compose exec workspace
root@roberiofagundes-Lenovo-IdeaPad-S145-15IGM:/home/roberiofagundes/Documentos/projetos/laradock# docker-compose exec workspace bash/
OCI runtime exec failed: exec failed: container_linux.go:380: starting container process caused: exec: "bash/": stat bash/: no such file or directory: unknown
root@roberiofagundes-Lenovo-IdeaPad-S145-15IGM:/home/roberiofagundes/Documentos/projetos/laradock# docker-compose exec workspace /bash
OCI runtime exec failed: exec failed: container_linux.go:380: starting container process caused: exec: "/bash": stat /bash: no such file or directory: unknown
root@roberiofagundes-Lenovo-IdeaPad-S145-15IGM:/home/roberiofagundes/Documentos/projetos/laradock# docker-compose exec workspace /bin/bash
root@ef0a3f430308:/var/www# ls
laradock           perfume-shop  projetos-web   sistema_estagio
{nome-do-projeto}  projeto       projetos-web2  sistema_patrimonio_ceraima
root@ef0a3f430308:/var/www# rm -r projeto
root@ef0a3f430308:/var/www# composer create-project laravel/laravel projeto
Creating a "laravel/laravel" project at "./projeto"
Installing laravel/laravel (v8.6.3)
  - Downloading laravel/laravel (v8.6.3)
  - Installing laravel/laravel (v8.6.3): Extracting archive
Created project in /var/www/projeto
> @php -r "file_exists('.env') || copy('.env.example', '.env');"
Loading composer repositories with package information
Updating dependencies
Lock file operations: 107 installs, 0 updates, 0 removals
  - Locking asm89/stack-cors (v2.0.3)
  - Locking brick/math (0.9.3)
  - Locking doctrine/inflector (2.0.3)
  - Locking doctrine/instantiator (1.4.0)
  - Locking doctrine/lexer (1.2.1)
  - Locking dragonmantank/cron-expression (v3.1.0)
  - Locking egulias/email-validator (2.1.25)
  - Locking facade/flare-client-php (1.9.1)
  - Locking facade/ignition (2.15.0)
  - Locking facade/ignition-contracts (1.0.2)
  - Locking fakerphp/faker (v1.16.0)
  - Locking filp/whoops (2.14.4)
  - Locking fruitcake/laravel-cors (v2.0.4)
  - Locking graham-campbell/result-type (v1.0.2)
  - Locking guzzlehttp/guzzle (7.3.0)
  - Locking guzzlehttp/promises (1.5.0)
  - Locking guzzlehttp/psr7 (2.1.0)
  - Locking hamcrest/hamcrest-php (v2.0.1)
  - Locking laravel/framework (v8.64.0)
  - Locking laravel/sail (v1.12.0)
  - Locking laravel/sanctum (v2.11.4)
  - Locking laravel/serializable-closure (v1.0.3)
  - Locking laravel/tinker (v2.6.2)
  - Locking league/commonmark (1.6.6)
  - Locking league/flysystem (1.1.5)
  - Locking league/mime-type-detection (1.8.0)
  - Locking mockery/mockery (1.4.4)
  - Locking monolog/monolog (2.3.5)
  - Locking myclabs/deep-copy (1.10.2)
  - Locking nesbot/carbon (2.53.1)
  - Locking nikic/php-parser (v4.13.0)
  - Locking nunomaduro/collision (v5.10.0)
  - Locking opis/closure (3.6.2)
  - Locking phar-io/manifest (2.0.3)
  - Locking phar-io/version (3.1.0)
  - Locking phpdocumentor/reflection-common (2.2.0)
  - Locking phpdocumentor/reflection-docblock (5.2.2)
  - Locking phpdocumentor/type-resolver (1.5.1)
  - Locking phpoption/phpoption (1.8.0)
  - Locking phpspec/prophecy (1.14.0)
  - Locking phpunit/php-code-coverage (9.2.7)
  - Locking phpunit/php-file-iterator (3.0.5)
  - Locking phpunit/php-invoker (3.1.1)
  - Locking phpunit/php-text-template (2.0.4)
  - Locking phpunit/php-timer (5.0.3)
  - Locking phpunit/phpunit (9.5.10)
  - Locking psr/container (1.1.1)
  - Locking psr/event-dispatcher (1.0.0)
  - Locking psr/http-client (1.0.1)
  - Locking psr/http-factory (1.0.1)
  - Locking psr/http-message (1.0.1)
  - Locking psr/log (1.1.4)
  - Locking psr/simple-cache (1.0.1)
  - Locking psy/psysh (v0.10.9)
  - Locking ralouphie/getallheaders (3.0.3)
  - Locking ramsey/collection (1.2.2)
  - Locking ramsey/uuid (4.2.3)
  - Locking sebastian/cli-parser (1.0.1)
  - Locking sebastian/code-unit (1.0.8)
  - Locking sebastian/code-unit-reverse-lookup (2.0.3)
  - Locking sebastian/comparator (4.0.6)
  - Locking sebastian/complexity (2.0.2)
  - Locking sebastian/diff (4.0.4)
  - Locking sebastian/environment (5.1.3)
  - Locking sebastian/exporter (4.0.3)
  - Locking sebastian/global-state (5.0.3)
  - Locking sebastian/lines-of-code (1.0.3)
  - Locking sebastian/object-enumerator (4.0.4)
  - Locking sebastian/object-reflector (2.0.4)
  - Locking sebastian/recursion-context (4.0.4)
  - Locking sebastian/resource-operations (3.0.3)
  - Locking sebastian/type (2.3.4)
  - Locking sebastian/version (3.0.2)
  - Locking swiftmailer/swiftmailer (v6.2.7)
  - Locking symfony/console (v5.3.7)
  - Locking symfony/css-selector (v5.3.4)
  - Locking symfony/deprecation-contracts (v2.4.0)
  - Locking symfony/error-handler (v5.3.7)
  - Locking symfony/event-dispatcher (v5.3.7)
  - Locking symfony/event-dispatcher-contracts (v2.4.0)
  - Locking symfony/finder (v5.3.7)
  - Locking symfony/http-client-contracts (v2.4.0)
  - Locking symfony/http-foundation (v5.3.7)
  - Locking symfony/http-kernel (v5.3.9)
  - Locking symfony/mime (v5.3.8)
  - Locking symfony/polyfill-ctype (v1.23.0)
  - Locking symfony/polyfill-iconv (v1.23.0)
  - Locking symfony/polyfill-intl-grapheme (v1.23.1)
  - Locking symfony/polyfill-intl-idn (v1.23.0)
  - Locking symfony/polyfill-intl-normalizer (v1.23.0)
  - Locking symfony/polyfill-mbstring (v1.23.1)
  - Locking symfony/polyfill-php72 (v1.23.0)
  - Locking symfony/polyfill-php73 (v1.23.0)
  - Locking symfony/polyfill-php80 (v1.23.1)
  - Locking symfony/polyfill-php81 (v1.23.0)
  - Locking symfony/process (v5.3.7)
  - Locking symfony/routing (v5.3.7)
  - Locking symfony/service-contracts (v2.4.0)
  - Locking symfony/string (v5.3.7)
  - Locking symfony/translation (v5.3.9)
  - Locking symfony/translation-contracts (v2.4.0)
  - Locking symfony/var-dumper (v5.3.8)
  - Locking theseer/tokenizer (1.2.1)
  - Locking tijsverkoyen/css-to-inline-styles (2.2.3)
  - Locking vlucas/phpdotenv (v5.3.1)
  - Locking voku/portable-ascii (1.5.6)
  - Locking webmozart/assert (1.10.0)
Writing lock file
Installing dependencies from lock file (including require-dev)
Package operations: 107 installs, 0 updates, 0 removals
  - Downloading doctrine/inflector (2.0.3)
  - Downloading doctrine/lexer (1.2.1)
  - Downloading symfony/polyfill-ctype (v1.23.0)
  - Downloading webmozart/assert (1.10.0)
  - Downloading dragonmantank/cron-expression (v3.1.0)
  - Downloading symfony/polyfill-php80 (v1.23.1)
  - Downloading symfony/polyfill-mbstring (v1.23.1)
  - Downloading symfony/var-dumper (v5.3.8)
  - Downloading symfony/polyfill-intl-normalizer (v1.23.0)
  - Downloading symfony/polyfill-intl-grapheme (v1.23.1)
  - Downloading symfony/string (v5.3.7)
  - Downloading psr/container (1.1.1)
  - Downloading symfony/service-contracts (v2.4.0)
  - Downloading symfony/polyfill-php73 (v1.23.0)
  - Downloading symfony/deprecation-contracts (v2.4.0)
  - Downloading symfony/console (v5.3.7)
  - Downloading psr/log (1.1.4)
  - Downloading monolog/monolog (2.3.5)
  - Downloading voku/portable-ascii (1.5.6)
  - Downloading phpoption/phpoption (1.8.0)
  - Downloading graham-campbell/result-type (v1.0.2)
  - Downloading vlucas/phpdotenv (v5.3.1)
  - Downloading symfony/css-selector (v5.3.4)
  - Downloading tijsverkoyen/css-to-inline-styles (2.2.3)
  - Downloading symfony/routing (v5.3.7)
  - Downloading symfony/process (v5.3.7)
  - Downloading symfony/polyfill-php72 (v1.23.0)
  - Downloading symfony/polyfill-intl-idn (v1.23.0)
  - Downloading symfony/mime (v5.3.8)
  - Downloading symfony/http-foundation (v5.3.7)
  - Downloading symfony/http-client-contracts (v2.4.0)
  - Downloading psr/event-dispatcher (1.0.0)
  - Downloading symfony/event-dispatcher-contracts (v2.4.0)
  - Downloading symfony/event-dispatcher (v5.3.7)
  - Downloading symfony/error-handler (v5.3.7)
  - Downloading symfony/http-kernel (v5.3.9)
  - Downloading symfony/finder (v5.3.7)
  - Downloading symfony/polyfill-iconv (v1.23.0)
  - Downloading egulias/email-validator (2.1.25)
  - Downloading swiftmailer/swiftmailer (v6.2.7)
  - Downloading symfony/polyfill-php81 (v1.23.0)
  - Downloading ramsey/collection (1.2.2)
  - Downloading brick/math (0.9.3)
  - Downloading ramsey/uuid (4.2.3)
  - Downloading psr/simple-cache (1.0.1)
  - Downloading opis/closure (3.6.2)
  - Downloading symfony/translation-contracts (v2.4.0)
  - Downloading symfony/translation (v5.3.9)
  - Downloading nesbot/carbon (2.53.1)
  - Downloading league/mime-type-detection (1.8.0)
  - Downloading league/flysystem (1.1.5)
  - Downloading league/commonmark (1.6.6)
  - Downloading laravel/serializable-closure (v1.0.3)
  - Downloading laravel/framework (v8.64.0)
  - Downloading facade/ignition-contracts (1.0.2)
  - Downloading facade/flare-client-php (1.9.1)
  - Downloading facade/ignition (2.15.0)
  - Downloading fakerphp/faker (v1.16.0)
  - Downloading asm89/stack-cors (v2.0.3)
  - Downloading fruitcake/laravel-cors (v2.0.4)
  - Downloading psr/http-message (1.0.1)
  - Downloading psr/http-client (1.0.1)
  - Downloading ralouphie/getallheaders (3.0.3)
  - Downloading psr/http-factory (1.0.1)
  - Downloading guzzlehttp/psr7 (2.1.0)
  - Downloading guzzlehttp/promises (1.5.0)
  - Downloading guzzlehttp/guzzle (7.3.0)
  - Downloading laravel/sail (v1.12.0)
  - Downloading laravel/sanctum (v2.11.4)
  - Downloading nikic/php-parser (v4.13.0)
  - Downloading psy/psysh (v0.10.9)
  - Downloading laravel/tinker (v2.6.2)
  - Downloading hamcrest/hamcrest-php (v2.0.1)
  - Downloading mockery/mockery (1.4.4)
  - Downloading filp/whoops (2.14.4)
  - Downloading nunomaduro/collision (v5.10.0)
  - Downloading phpdocumentor/reflection-common (2.2.0)
  - Downloading phpdocumentor/type-resolver (1.5.1)
  - Downloading phpdocumentor/reflection-docblock (5.2.2)
  - Downloading sebastian/version (3.0.2)
  - Downloading sebastian/type (2.3.4)
  - Downloading sebastian/resource-operations (3.0.3)
  - Downloading sebastian/recursion-context (4.0.4)
  - Downloading sebastian/object-reflector (2.0.4)
  - Downloading sebastian/object-enumerator (4.0.4)
  - Downloading sebastian/global-state (5.0.3)
  - Downloading sebastian/exporter (4.0.3)
  - Downloading sebastian/environment (5.1.3)
  - Downloading sebastian/diff (4.0.4)
  - Downloading sebastian/comparator (4.0.6)
  - Downloading sebastian/code-unit (1.0.8)
  - Downloading sebastian/cli-parser (1.0.1)
  - Downloading phpunit/php-timer (5.0.3)
  - Downloading phpunit/php-text-template (2.0.4)
  - Downloading phpunit/php-invoker (3.1.1)
  - Downloading phpunit/php-file-iterator (3.0.5)
  - Downloading theseer/tokenizer (1.2.1)
  - Downloading sebastian/lines-of-code (1.0.3)
  - Downloading sebastian/complexity (2.0.2)
  - Downloading sebastian/code-unit-reverse-lookup (2.0.3)
  - Downloading phpunit/php-code-coverage (9.2.7)
  - Downloading doctrine/instantiator (1.4.0)
  - Downloading phpspec/prophecy (1.14.0)
  - Downloading phar-io/version (3.1.0)
  - Downloading phar-io/manifest (2.0.3)
  - Downloading myclabs/deep-copy (1.10.2)
  - Downloading phpunit/phpunit (9.5.10)
  - Installing doctrine/inflector (2.0.3): Extracting archive
  - Installing doctrine/lexer (1.2.1): Extracting archive
  - Installing symfony/polyfill-ctype (v1.23.0): Extracting archive
  - Installing webmozart/assert (1.10.0): Extracting archive
  - Installing dragonmantank/cron-expression (v3.1.0): Extracting archive
  - Installing symfony/polyfill-php80 (v1.23.1): Extracting archive
  - Installing symfony/polyfill-mbstring (v1.23.1): Extracting archive
  - Installing symfony/var-dumper (v5.3.8): Extracting archive
  - Installing symfony/polyfill-intl-normalizer (v1.23.0): Extracting archive
  - Installing symfony/polyfill-intl-grapheme (v1.23.1): Extracting archive
  - Installing symfony/string (v5.3.7): Extracting archive
  - Installing psr/container (1.1.1): Extracting archive
  - Installing symfony/service-contracts (v2.4.0): Extracting archive
  - Installing symfony/polyfill-php73 (v1.23.0): Extracting archive
  - Installing symfony/deprecation-contracts (v2.4.0): Extracting archive
  - Installing symfony/console (v5.3.7): Extracting archive
  - Installing psr/log (1.1.4): Extracting archive
  - Installing monolog/monolog (2.3.5): Extracting archive
  - Installing voku/portable-ascii (1.5.6): Extracting archive
  - Installing phpoption/phpoption (1.8.0): Extracting archive
  - Installing graham-campbell/result-type (v1.0.2): Extracting archive
  - Installing vlucas/phpdotenv (v5.3.1): Extracting archive
  - Installing symfony/css-selector (v5.3.4): Extracting archive
  - Installing tijsverkoyen/css-to-inline-styles (2.2.3): Extracting archive
  - Installing symfony/routing (v5.3.7): Extracting archive
  - Installing symfony/process (v5.3.7): Extracting archive
  - Installing symfony/polyfill-php72 (v1.23.0): Extracting archive
  - Installing symfony/polyfill-intl-idn (v1.23.0): Extracting archive
  - Installing symfony/mime (v5.3.8): Extracting archive
  - Installing symfony/http-foundation (v5.3.7): Extracting archive
  - Installing symfony/http-client-contracts (v2.4.0): Extracting archive
  - Installing psr/event-dispatcher (1.0.0): Extracting archive
  - Installing symfony/event-dispatcher-contracts (v2.4.0): Extracting archive
  - Installing symfony/event-dispatcher (v5.3.7): Extracting archive
  - Installing symfony/error-handler (v5.3.7): Extracting archive
  - Installing symfony/http-kernel (v5.3.9): Extracting archive
  - Installing symfony/finder (v5.3.7): Extracting archive
  - Installing symfony/polyfill-iconv (v1.23.0): Extracting archive
  - Installing egulias/email-validator (2.1.25): Extracting archive
  - Installing swiftmailer/swiftmailer (v6.2.7): Extracting archive
  - Installing symfony/polyfill-php81 (v1.23.0): Extracting archive
  - Installing ramsey/collection (1.2.2): Extracting archive
  - Installing brick/math (0.9.3): Extracting archive
  - Installing ramsey/uuid (4.2.3): Extracting archive
  - Installing psr/simple-cache (1.0.1): Extracting archive
  - Installing opis/closure (3.6.2): Extracting archive
  - Installing symfony/translation-contracts (v2.4.0): Extracting archive
  - Installing symfony/translation (v5.3.9): Extracting archive
  - Installing nesbot/carbon (2.53.1): Extracting archive
  - Installing league/mime-type-detection (1.8.0): Extracting archive
  - Installing league/flysystem (1.1.5): Extracting archive
  - Installing league/commonmark (1.6.6): Extracting archive
  - Installing laravel/serializable-closure (v1.0.3): Extracting archive
  - Installing laravel/framework (v8.64.0): Extracting archive
  - Installing facade/ignition-contracts (1.0.2): Extracting archive
  - Installing facade/flare-client-php (1.9.1): Extracting archive
  - Installing facade/ignition (2.15.0): Extracting archive
  - Installing fakerphp/faker (v1.16.0): Extracting archive
  - Installing asm89/stack-cors (v2.0.3): Extracting archive
  - Installing fruitcake/laravel-cors (v2.0.4): Extracting archive
  - Installing psr/http-message (1.0.1): Extracting archive
  - Installing psr/http-client (1.0.1): Extracting archive
  - Installing ralouphie/getallheaders (3.0.3): Extracting archive
  - Installing psr/http-factory (1.0.1): Extracting archive
  - Installing guzzlehttp/psr7 (2.1.0): Extracting archive
  - Installing guzzlehttp/promises (1.5.0): Extracting archive
  - Installing guzzlehttp/guzzle (7.3.0): Extracting archive
  - Installing laravel/sail (v1.12.0): Extracting archive
  - Installing laravel/sanctum (v2.11.4): Extracting archive
  - Installing nikic/php-parser (v4.13.0): Extracting archive
  - Installing psy/psysh (v0.10.9): Extracting archive
  - Installing laravel/tinker (v2.6.2): Extracting archive
  - Installing hamcrest/hamcrest-php (v2.0.1): Extracting archive
  - Installing mockery/mockery (1.4.4): Extracting archive
  - Installing filp/whoops (2.14.4): Extracting archive
  - Installing nunomaduro/collision (v5.10.0): Extracting archive
  - Installing phpdocumentor/reflection-common (2.2.0): Extracting archive
  - Installing phpdocumentor/type-resolver (1.5.1): Extracting archive
  - Installing phpdocumentor/reflection-docblock (5.2.2): Extracting archive
  - Installing sebastian/version (3.0.2): Extracting archive
  - Installing sebastian/type (2.3.4): Extracting archive
  - Installing sebastian/resource-operations (3.0.3): Extracting archive
  - Installing sebastian/recursion-context (4.0.4): Extracting archive
  - Installing sebastian/object-reflector (2.0.4): Extracting archive
  - Installing sebastian/object-enumerator (4.0.4): Extracting archive
  - Installing sebastian/global-state (5.0.3): Extracting archive
  - Installing sebastian/exporter (4.0.3): Extracting archive
  - Installing sebastian/environment (5.1.3): Extracting archive
  - Installing sebastian/diff (4.0.4): Extracting archive
  - Installing sebastian/comparator (4.0.6): Extracting archive
  - Installing sebastian/code-unit (1.0.8): Extracting archive
  - Installing sebastian/cli-parser (1.0.1): Extracting archive
  - Installing phpunit/php-timer (5.0.3): Extracting archive
  - Installing phpunit/php-text-template (2.0.4): Extracting archive
  - Installing phpunit/php-invoker (3.1.1): Extracting archive
  - Installing phpunit/php-file-iterator (3.0.5): Extracting archive
  - Installing theseer/tokenizer (1.2.1): Extracting archive
  - Installing sebastian/lines-of-code (1.0.3): Extracting archive
  - Installing sebastian/complexity (2.0.2): Extracting archive
  - Installing sebastian/code-unit-reverse-lookup (2.0.3): Extracting archive
  - Installing phpunit/php-code-coverage (9.2.7): Extracting archive
  - Installing doctrine/instantiator (1.4.0): Extracting archive
  - Installing phpspec/prophecy (1.14.0): Extracting archive
  - Installing phar-io/version (3.1.0): Extracting archive
  - Installing phar-io/manifest (2.0.3): Extracting archive
  - Installing myclabs/deep-copy (1.10.2): Extracting archive
  - Installing phpunit/phpunit (9.5.10): Extracting archive
62 package suggestions were added by new dependencies, use `composer suggest` to see details.
Generating optimized autoload files
> Illuminate\Foundation\ComposerScripts::postAutoloadDump
> @php artisan package:discover --ansi
Discovered Package: facade/ignition
Discovered Package: fruitcake/laravel-cors
Discovered Package: laravel/sail
Discovered Package: laravel/sanctum
Discovered Package: laravel/tinker
Discovered Package: nesbot/carbon
Discovered Package: nunomaduro/collision
Package manifest generated successfully.
77 packages you are using are looking for funding.
Use the `composer fund` command to find out more!
> @php artisan vendor:publish --tag=laravel-assets --ansi
No publishable resources for tag [laravel-assets].
Publishing complete.
> @php artisan key:generate --ansi
Application key set successfully.
root@ef0a3f430308:/var/www# 


root@ef0a3f430308:/var/www# cd projeto
root@ef0a3f430308:/var/www/projeto# ls
app      bootstrap      composer.lock  database      phpunit.xml  README.md  routes      storage  vendor
artisan  composer.json  config         package.json  public       resources  server.php  tests    webpack.mix.js
root@ef0a3f430308:/var/www/projeto# cp .env.example .env
root@ef0a3f430308:/var/www/projeto# chmod -R 777 storage
root@ef0a3f430308:/var/www/projeto# php artisan key:generate
Application key set successfully.
root@ef0a3f430308:/var/www/projeto# php artisan storage:link
The [/var/www/projeto/public/storage] link has been connected to [/var/www/projeto/storage/app/public].
The links have been created.
root@ef0a3f430308:/var/www/projeto# 

root@ef0a3f430308:/var/www/projeto# php artisan migrate
Migration table created successfully.
Migrating: 2014_10_12_000000_create_users_table
Migrated:  2014_10_12_000000_create_users_table (375.39ms)
Migrating: 2014_10_12_100000_create_password_resets_table
Migrated:  2014_10_12_100000_create_password_resets_table (314.68ms)
Migrating: 2019_08_19_000000_create_failed_jobs_table
Migrated:  2019_08_19_000000_create_failed_jobs_table (245.93ms)
Migrating: 2019_12_14_000001_create_personal_access_tokens_table
Migrated:  2019_12_14_000001_create_personal_access_tokens_table (374.06ms)
root@ef0a3f430308:/var/www/projeto# 

php artisan make:migration create_clientes_table
root@ef0a3f430308:/var/www# cd projeto
root@ef0a3f430308:/var/www/projeto# php artisan migrate

root@ef0a3f430308:/var/www/projeto# php artisan make:controller ClienteController
Controller created successfully.
root@ef0a3f430308:/var/www/projeto# 
root@ef0a3f430308:/var/www/projeto# 



root@ef0a3f430308:/var/www/projeto# php artisan make:migration create_fornecedores_table
Created Migration: 2021_10_17_011906_create_fornecedores_table
root@ef0a3f430308:/var/www/projeto# php artisan migrate
Migrating: 2021_10_17_011906_create_fornecedores_table
Migrated:  2021_10_17_011906_create_fornecedores_table (149.81ms)
root@ef0a3f430308:/var/www/projeto# 

root@ef0a3f430308:/var/www/projeto# php artisan make:migration create_fornecedores_table
Created Migration: 2021_10_17_011906_create_fornecedores_table
root@ef0a3f430308:/var/www/projeto# php artisan migrate
Migrating: 2021_10_17_011906_create_fornecedores_table
Migrated:  2021_10_17_011906_create_fornecedores_table (149.81ms)
root@ef0a3f430308:/var/www/projeto# ^C
root@ef0a3f430308:/var/www/projeto# php artisan make:model Fornecedor
Model created successfully.
root@ef0a3f430308:/var/www/projeto# 

